A51 MACRO ASSEMBLER  PUSH_POP                                                             02/23/2021 13:49:33 PAGE     1


MACRO ASSEMBLER A51 V8.2.7.0
OBJECT MODULE PLACED IN .\Objects\PUSH_POP.obj
ASSEMBLER INVOKED BY: C:\Keil_v5\C51\BIN\A51.EXE PUSH_POP.ASM SET(SMALL) DEBUG PRINT(.\Listings\PUSH_POP.lst) OBJECT(.\O
                      bjects\PUSH_POP.obj) EP

LOC  OBJ            LINE     SOURCE

0000                   1     ORG 0000H
0000 7825              2     MOV R0,#25H
0002 7935              3     MOV R1,#35H
0004 7A45              4     MOV R2,#45H
0006 7B55              5     MOV R3,#55H
0008 7C65              6     MOV R4,#65H
000A C000              7     PUSH 0
000C C001              8     PUSH 1
000E C002              9     PUSH 2
0010 C003             10     PUSH 3
0012 C004             11     PUSH 4
0014 D000             12     POP 0
0016 D001             13     POP 1
0018 D002             14     POP 2
001A D003             15     POP 3
001C D004             16     POP 4
                      17     END
A51 MACRO ASSEMBLER  PUSH_POP                                                             02/23/2021 13:49:33 PAGE     2

SYMBOL TABLE LISTING
------ ----- -------


N A M E             T Y P E  V A L U E   ATTRIBUTES



REGISTER BANK(S) USED: 0 


ASSEMBLY COMPLETE.  0 WARNING(S), 0 ERROR(S)
