A51 MACRO ASSEMBLER  T5_P1_TO_P2                                                          03/19/2021 14:17:22 PAGE     1


MACRO ASSEMBLER A51 V8.2.7.0
OBJECT MODULE PLACED IN .\Objects\T5_P1_to_P2.obj
ASSEMBLER INVOKED BY: C:\Keil_v5\C51\BIN\A51.EXE T5_P1_to_P2.ASM SET(SMALL) DEBUG PRINT(.\Listings\T5_P1_to_P2.lst) OBJE
                      CT(.\Objects\T5_P1_to_P2.obj) EP

LOC  OBJ            LINE     SOURCE

0000 74FF              1     MOV A, #0FFh
0002 F590              2     MOV P1,A
0004 E590              3     HERE: MOV A, P1
0006 F5A0              4     MOV P2, A
0008 80FA              5     SJMP HERE
                       6     END
A51 MACRO ASSEMBLER  T5_P1_TO_P2                                                          03/19/2021 14:17:22 PAGE     2

SYMBOL TABLE LISTING
------ ----- -------


N A M E             T Y P E  V A L U E   ATTRIBUTES

HERE . . . . . . .  C ADDR   0004H   A   
P1 . . . . . . . .  D ADDR   0090H   A   
P2 . . . . . . . .  D ADDR   00A0H   A   


REGISTER BANK(S) USED: 0 


ASSEMBLY COMPLETE.  0 WARNING(S), 0 ERROR(S)
